
Hexadecimal

Area                               Addr   Size   Decimal Bytes (Attributes)
--------------------------------   ----   ----   ------- ----- ------------
.  .ABS.                           0000   0000 =      0. bytes (ABS,OVR)

      Value  Global
   --------  --------------------------------
     0000    l_BSEG
     0000    l_HOME
     0000    l_OSEG
     0000    l_XSEG
     0000    l__CODE
     0000    l__DUMMY
     0000    s_BSEG
     0000    s_CSEG
     0000    s_XSEG
     0000    s__CODE
     0001    l_SSEG
     0003    l_GSFINAL
     0024    l_GSINIT
     0027    l_DSEG
     0030    s_DSEG
     0057    s_OSEG
     0057    s_SSEG
     0057    s__DUMMY
     0080    s_ISEG
     00A0    l_ISEG
     0AB2    l_CSEG
     0AB2    s_GSINIT
     0AD6    s_GSFINAL
     0AD9    s_HOME
     FD80    _oep1_buffer
     FD80    _pbOEP1XBufferAddress
     FDC0    _pbOEP1YBufferAddress
     FE00    _iep1_buffer
     FE00    _pbIEP1XBufferAddress
     FE40    _pbIEP1YBufferAddress
     FE80    _abDescriptor
     FEF0    _abOEP0Buffer
     FEF8    _abIEP0Buffer
     FF00    _tSetupPacket
     FF08    _tOutputEndPointDescriptorBlock
     FF48    _tInputEndPointDescriptorBlock
     FF80    _tEndPoint0DescriptorBlock

Hexadecimal

Area                               Addr   Size   Decimal Bytes (Attributes)
--------------------------------   ----   ----   ------- ----- ------------
_CODE                              0000   0000 =      0. bytes (REL,CON)

Hexadecimal

Area                               Addr   Size   Decimal Bytes (Attributes)
--------------------------------   ----   ----   ------- ----- ------------
DSEG                               0030   0027 =     39. bytes (REL,CON)

      Value  Global
   --------  --------------------------------
     0030    _deviceReady
     0031    _bStatusAction
     0032    _bUsbDeviceAddress
     0033    _wDeviceFeatures
     0035    _wBytesRemainingOnIEP0
     0037    _wBytesRemainingOnOEP0
     0039    _pbIEP0Buffer
     003C    _pbOEP0Buffer
     003F    _bConfigurationNumber
     0040    _bInterfaceNumber
     0041    _bSuspended
     0042    _gbIdleRateL
     0043    _gbIdleRateH
     0044    _gbProtocol
     0045    _bHostAskMoreDataThanAvailable
     0047    _bCurrentBuffer
     0049    _ID1
     004A    _ID2
     004B    _FIRMWARE_VERSION
     004C    _bOEP1RecieveLength
     004D    _bOEP1SaveBufferPosition
     004E    _total
     004F    _usbGetEndpointStatus_wEndpointStatus_1_1
     0051    _usbGetInterfaceStatus_wStatusBuffer_1_1
     0053    _usbDecodeAndProcessUsbRequest_sloc0_1_0
     0054    _usbDecodeAndProcessUsbRequest_sloc1_1_0
     0055    _usbDecodeAndProcessUsbRequest_sloc2_1_0
     0056    _usbDecodeAndProcessUsbRequest_sloc3_1_0

Hexadecimal

Area                               Addr   Size   Decimal Bytes (Attributes)
--------------------------------   ----   ----   ------- ----- ------------
_DUMMY                             0057   0000 =      0. bytes (REL,CON)

Hexadecimal

Area                               Addr   Size   Decimal Bytes (Attributes)
--------------------------------   ----   ----   ------- ----- ------------
OSEG                               0057   0000 =      0. bytes (REL,OVR)

Hexadecimal

Area                               Addr   Size   Decimal Bytes (Attributes)
--------------------------------   ----   ----   ------- ----- ------------
SSEG                               0057   0001 =      1. bytes (REL,CON)

Hexadecimal

Area                               Addr   Size   Decimal Bytes (Attributes)
--------------------------------   ----   ----   ------- ----- ------------
ISEG                               0080   00A0 =    160. bytes (REL,CON)

      Value  Global
   --------  --------------------------------
     0080    _abOEP1SaveBuffer
     00D0    _abIEP1SaveBuffer

Hexadecimal

Area                               Addr   Size   Decimal Bytes (Attributes)
--------------------------------   ----   ----   ------- ----- ------------
BSEG                               0000   0000 =      0. bytes (REL,CON,BIT)

Hexadecimal

Area                               Addr   Size   Decimal Bytes (Attributes)
--------------------------------   ----   ----   ------- ----- ------------
XSEG                               0000   0000 =      0. bytes (REL,CON,XDATA)

Hexadecimal

Area                               Addr   Size   Decimal Bytes (Attributes)
--------------------------------   ----   ----   ------- ----- ------------
CSEG                               0000   0AB2 =   2738. bytes (REL,CON,CODE)

      Value  Global
   --------  --------------------------------
  0C:0000    A$tfirm$320
  0C:0003    A$tfirm$321
  0C:000B    A$tfirm$323
  0C:0013    A$tfirm$325
  0C:001B    A$tfirm$327
  0C:0023    A$tfirm$329
  0C:002B    A$tfirm$331
  0C:0033    A$tfirm$374
  0C:0036    A$tfirm$376
  0C:0038    A$tfirm$394
  0C:0038    _usbSendZeroLengthPacketOnIEP0
  0C:003B    A$tfirm$395
  0C:003E    A$tfirm$397
  0C:0041    A$tfirm$399
  0C:0044    A$tfirm$401
  0C:0045    A$tfirm$402
  0C:0046    A$tfirm$404
  0C:0047    A$tfirm$414
  0C:0047    _usbSetEndpointHalt
  0C:004A    A$tfirm$415
  0C:004B    A$tfirm$416
  0C:004C    A$tfirm$417
  0C:004F    A$tfirm$418
  0C:0052    A$tfirm$419
  0C:0053    A$tfirm$420
  0C:0054    A$tfirm$422
  0C:0057    A$tfirm$424
  0C:0058    A$tfirm$434
  0C:0058    _usbClearEndpointHalt
  0C:005B    A$tfirm$435
  0C:005C    A$tfirm$436
  0C:005D    A$tfirm$437
  0C:0060    A$tfirm$438
  0C:0063    A$tfirm$439
  0C:0064    A$tfirm$440
  0C:0065    A$tfirm$442
  0C:0068    A$tfirm$444
  0C:0069    A$tfirm$454
  0C:0069    _usbGetConfiguration
  0C:006A    A$tfirm$455
  0C:006C    A$tfirm$456
  0C:006F    A$tfirm$458
  0C:0071    A$tfirm$459
  0C:0073    A$tfirm$460
  0C:0075    A$tfirm$461
  0C:0077    A$tfirm$462
  0C:0079    A$tfirm$463
  0C:007B    A$tfirm$464
  0C:007E    A$tfirm$466
  0C:007F    A$tfirm$476
  0C:007F    _usbSetConfiguration
  0C:0082    A$tfirm$477
  0C:0083    A$tfirm$478
  0C:0084    A$tfirm$479
  0C:0087    A$tfirm$480
  0C:008A    A$tfirm$481
  0C:008B    A$tfirm$482
  0C:008C    A$tfirm$484
  0C:008F    A$tfirm$485
  0C:0090    A$tfirm$486
  0C:0092    A$tfirm$488
  0C:0095    A$tfirm$490
  0C:0096    A$tfirm$500
  0C:0096    _usbSetIdle
  0C:0099    A$tfirm$501
  0C:009A    A$tfirm$502
  0C:009C    A$tfirm$504
  0C:009F    A$tfirm$505
  0C:00A0    A$tfirm$506
  0C:00A2    A$tfirm$508
  0C:00A5    A$tfirm$510
  0C:00A6    A$tfirm$520
  0C:00A6    _usbGetIdle
  0C:00A7    A$tfirm$521
  0C:00A9    A$tfirm$522
  0C:00AC    A$tfirm$524
  0C:00AE    A$tfirm$525
  0C:00B0    A$tfirm$526
  0C:00B2    A$tfirm$527
  0C:00B4    A$tfirm$528
  0C:00B6    A$tfirm$529
  0C:00B8    A$tfirm$530
  0C:00BB    A$tfirm$532
  0C:00BC    A$tfirm$542
  0C:00BC    _usbSetInterface
  0C:00BF    A$tfirm$543
  0C:00C0    A$tfirm$544
  0C:00C1    A$tfirm$545
  0C:00C4    A$tfirm$546
  0C:00C7    A$tfirm$547
  0C:00C8    A$tfirm$548
  0C:00C9    A$tfirm$550
  0C:00CC    A$tfirm$551
  0C:00CD    A$tfirm$552
  0C:00CF    A$tfirm$554
  0C:00D2    A$tfirm$556
  0C:00D3    A$tfirm$566
  0C:00D3    _usbGetInterface
  0C:00D4    A$tfirm$567
  0C:00D6    A$tfirm$568
  0C:00D9    A$tfirm$570
  0C:00DB    A$tfirm$571
  0C:00DD    A$tfirm$572
  0C:00DF    A$tfirm$573
  0C:00E1    A$tfirm$574
  0C:00E3    A$tfirm$575
  0C:00E5    A$tfirm$576
  0C:00E8    A$tfirm$578
  0C:00E9    A$tfirm$588
  0C:00E9    _usbSetProtocol
  0C:00EC    A$tfirm$589
  0C:00ED    A$tfirm$590
  0C:00EF    A$tfirm$592
  0C:00F2    A$tfirm$594
  0C:00F3    A$tfirm$604
  0C:00F3    _usbGetProtocol
  0C:00F4    A$tfirm$605
  0C:00F6    A$tfirm$606
  0C:00F9    A$tfirm$608
  0C:00FB    A$tfirm$609
  0C:00FD    A$tfirm$610
  0C:00FF    A$tfirm$611
  0C:0101    A$tfirm$612
  0C:0103    A$tfirm$613
  0C:0105    A$tfirm$614
  0C:0108    A$tfirm$616
  0C:0109    A$tfirm$626
  0C:0109    _usbSetAddress
  0C:010C    A$tfirm$627
  0C:010D    A$tfirm$628
  0C:010E    A$tfirm$629
  0C:0110    A$tfirm$630
  0C:0111    A$tfirm$631
  0C:0112    A$tfirm$632
  0C:0114    A$tfirm$633
  0C:0115    A$tfirm$634
  0C:0117    A$tfirm$636
  0C:0119    A$tfirm$639
  0C:011B    A$tfirm$640
  0C:011D    A$tfirm$641
  0C:0120    A$tfirm$642
  0C:0121    A$tfirm$644
  0C:0122    A$tfirm$645
  0C:0124    A$tfirm$646
  0C:0126    A$tfirm$647
  0C:0127    A$tfirm$649
  0C:012A    A$tfirm$650
  0C:012B    A$tfirm$651
  0C:012D    A$tfirm$653
  0C:0130    A$tfirm$655
  0C:0133    A$tfirm$657
  0C:0135    A$tfirm$660
  0C:0138    A$tfirm$662
  0C:0139    A$tfirm$672
  0C:0139    _usbSetRemoteWakeup
  0C:013B    A$tfirm$673
  0C:013D    A$tfirm$675
  0C:0140    A$tfirm$676
  0C:0141    A$tfirm$677
  0C:0142    A$tfirm$678
  0C:0145    A$tfirm$679
  0C:0147    A$tfirm$680
  0C:0149    A$tfirm$681
  0C:014A    A$tfirm$682
  0C:014B    A$tfirm$684
  0C:014E    A$tfirm$686
  0C:0151    A$tfirm$687
  0C:0152    A$tfirm$688
  0C:0153    A$tfirm$689
  0C:0156    A$tfirm$690
  0C:0159    A$tfirm$691
  0C:015A    A$tfirm$692
  0C:015B    A$tfirm$694
  0C:015E    A$tfirm$696
  0C:015F    A$tfirm$706
  0C:015F    _usbClearRemoteWakeup
  0C:0161    A$tfirm$707
  0C:0163    A$tfirm$709
  0C:0166    A$tfirm$710
  0C:0167    A$tfirm$711
  0C:0168    A$tfirm$712
  0C:016B    A$tfirm$713
  0C:016D    A$tfirm$714
  0C:016F    A$tfirm$715
  0C:0170    A$tfirm$716
  0C:0171    A$tfirm$718
  0C:0174    A$tfirm$720
  0C:0177    A$tfirm$721
  0C:0178    A$tfirm$722
  0C:0179    A$tfirm$723
  0C:017C    A$tfirm$724
  0C:017F    A$tfirm$725
  0C:0180    A$tfirm$726
  0C:0181    A$tfirm$728
  0C:0184    A$tfirm$730
  0C:0185    A$tfirm$740
  0C:0185    _usbSetReport
  0C:0186    A$tfirm$741
  0C:0188    A$tfirm$742
  0C:018B    A$tfirm$744
  0C:018C    A$tfirm$755
  0C:018C    _usbGetEndpointStatus
  0C:018F    A$tfirm$756
  0C:0192    A$tfirm$758
  0C:0195    A$tfirm$759
  0C:0196    A$tfirm$761
  0C:0197    A$tfirm$763
  0C:019A    A$tfirm$766
  0C:019B    A$tfirm$767
  0C:019D    A$tfirm$768
  0C:019F    A$tfirm$771
  0C:01A0    A$tfirm$772
  0C:01A2    A$tfirm$773
  0C:01A5    A$tfirm$775
  0C:01A7    A$tfirm$776
  0C:01A9    A$tfirm$777
  0C:01AB    A$tfirm$778
  0C:01AD    A$tfirm$779
  0C:01AF    A$tfirm$780
  0C:01B1    A$tfirm$781
  0C:01B4    A$tfirm$783
  0C:01B5    A$tfirm$793
  0C:01B5    _usbGetDeviceStatus
  0C:01B6    A$tfirm$794
  0C:01B8    A$tfirm$795
  0C:01BB    A$tfirm$797
  0C:01BD    A$tfirm$798
  0C:01BF    A$tfirm$799
  0C:01C1    A$tfirm$800
  0C:01C3    A$tfirm$801
  0C:01C5    A$tfirm$802
  0C:01C7    A$tfirm$803
  0C:01CA    A$tfirm$805
  0C:01CB    A$tfirm$816
  0C:01CB    _usbGetInterfaceStatus
  0C:01CC    A$tfirm$817
  0C:01CE    A$tfirm$818
  0C:01D0    A$tfirm$820
  0C:01D3    A$tfirm$821
  0C:01D4    A$tfirm$822
  0C:01D5    A$tfirm$823
  0C:01D8    A$tfirm$824
  0C:01DB    A$tfirm$825
  0C:01DC    A$tfirm$826
  0C:01DD    A$tfirm$828
  0C:01DE    A$tfirm$829
  0C:01E0    A$tfirm$830
  0C:01E3    A$tfirm$832
  0C:01E5    A$tfirm$833
  0C:01E7    A$tfirm$834
  0C:01E9    A$tfirm$835
  0C:01EB    A$tfirm$836
  0C:01ED    A$tfirm$837
  0C:01EF    A$tfirm$838
  0C:01F2    A$tfirm$840
  0C:01F3    A$tfirm$850
  0C:01F3    _usbGetReportDescriptor
  0C:01F6    A$tfirm$852
  0C:01F7    A$tfirm$853
  0C:01F8    A$tfirm$855
  0C:01F9    A$tfirm$856
  0C:01FB    A$tfirm$857
  0C:01FE    A$tfirm$859
  0C:01FF    A$tfirm$870
  0C:01FF    _usbGetConfigurationDescriptor
  0C:0201    A$tfirm$872
  0C:0204    A$tfirm$875
  0C:0206    A$tfirm$878
  0C:0207    A$tfirm$879
  0C:0209    A$tfirm$880
  0C:020A    A$tfirm$882
  0C:020B    A$tfirm$883
  0C:020D    A$tfirm$884
  0C:020E    A$tfirm$885
  0C:020F    A$tfirm$888
  0C:0212    A$tfirm$889
  0C:0213    A$tfirm$891
  0C:0214    A$tfirm$892
  0C:0216    A$tfirm$893
  0C:0218    A$tfirm$894
  0C:0219    A$tfirm$896
  0C:021A    A$tfirm$898
  0C:021C    A$tfirm$901
  0C:021F    A$tfirm$902
  0C:0221    A$tfirm$903
  0C:0222    A$tfirm$905
  0C:0225    A$tfirm$907
  0C:0226    A$tfirm$908
  0C:0227    A$tfirm$910
  0C:0228    A$tfirm$911
  0C:022A    A$tfirm$912
  0C:022D    A$tfirm$914
  0C:022F    A$tfirm$915
  0C:0231    A$tfirm$916
  0C:0233    A$tfirm$917
  0C:0235    A$tfirm$918
  0C:0237    A$tfirm$919
  0C:0239    A$tfirm$920
  0C:023C    A$tfirm$922
  0C:023D    A$tfirm$933
  0C:023D    _usbGetHIDDescriptor
  0C:023F    A$tfirm$935
  0C:0242    A$tfirm$938
  0C:0244    A$tfirm$941
  0C:0245    A$tfirm$942
  0C:0247    A$tfirm$943
  0C:0248    A$tfirm$945
  0C:0249    A$tfirm$946
  0C:024B    A$tfirm$947
  0C:024C    A$tfirm$948
  0C:024E    A$tfirm$949
  0C:024F    A$tfirm$952
  0C:0252    A$tfirm$953
  0C:0253    A$tfirm$955
  0C:0254    A$tfirm$956
  0C:0256    A$tfirm$957
  0C:0258    A$tfirm$958
  0C:0259    A$tfirm$960
  0C:025A    A$tfirm$962
  0C:025C    A$tfirm$965
  0C:025F    A$tfirm$967
  0C:0260    A$tfirm$968
  0C:0261    A$tfirm$970
  0C:0262    A$tfirm$971
  0C:0264    A$tfirm$972
  0C:0267    A$tfirm$974
  0C:0269    A$tfirm$975
  0C:026B    A$tfirm$976
  0C:026D    A$tfirm$977
  0C:026F    A$tfirm$978
  0C:0271    A$tfirm$979
  0C:0273    A$tfirm$980
  0C:0276    A$tfirm$982
  0C:0277    A$tfirm$993
  0C:0277    _usbGetDeviceDescriptor
  0C:0279    A$tfirm$995
  0C:027C    A$tfirm$998
  0C:027E    A$tfirm$1001
  0C:027F    A$tfirm$1002
  0C:0281    A$tfirm$1003
  0C:0282    A$tfirm$1005
  0C:0283    A$tfirm$1006
  0C:0285    A$tfirm$1007
  0C:0286    A$tfirm$1008
  0C:0287    A$tfirm$1011
  0C:028A    A$tfirm$1012
  0C:028B    A$tfirm$1014
  0C:028C    A$tfirm$1015
  0C:028E    A$tfirm$1016
  0C:0290    A$tfirm$1017
  0C:0291    A$tfirm$1019
  0C:0292    A$tfirm$1021
  0C:0294    A$tfirm$1024
  0C:0297    A$tfirm$1025
  0C:0299    A$tfirm$1026
  0C:029A    A$tfirm$1028
  0C:029D    A$tfirm$1029
  0C:029F    A$tfirm$1030
  0C:02A0    A$tfirm$1032
  0C:02A3    A$tfirm$1033
  0C:02A5    A$tfirm$1034
  0C:02A6    A$tfirm$1036
  0C:02A9    A$tfirm$1037
  0C:02AB    A$tfirm$1038
  0C:02AC    A$tfirm$1040
  0C:02AF    A$tfirm$1041
  0C:02B1    A$tfirm$1042
  0C:02B2    A$tfirm$1044
  0C:02B5    A$tfirm$1046
  0C:02B6    A$tfirm$1047
  0C:02B7    A$tfirm$1049
  0C:02BA    A$tfirm$1050
  0C:02BC    A$tfirm$1051
  0C:02BD    A$tfirm$1053
  0C:02C0    A$tfirm$1055
  0C:02C1    A$tfirm$1056
  0C:02C2    A$tfirm$1058
  0C:02C5    A$tfirm$1060
  0C:02C6    A$tfirm$1061
  0C:02C7    A$tfirm$1063
  0C:02CA    A$tfirm$1064
  0C:02CC    A$tfirm$1065
  0C:02CD    A$tfirm$1067
  0C:02D0    A$tfirm$1069
  0C:02D1    A$tfirm$1070
  0C:02D2    A$tfirm$1072
  0C:02D3    A$tfirm$1073
  0C:02D5    A$tfirm$1074
  0C:02D8    A$tfirm$1076
  0C:02DA    A$tfirm$1077
  0C:02DC    A$tfirm$1078
  0C:02DE    A$tfirm$1079
  0C:02E0    A$tfirm$1080
  0C:02E2    A$tfirm$1081
  0C:02E4    A$tfirm$1082
  0C:02E7    A$tfirm$1084
  0C:02EA    A$tfirm$1086
  0C:02EB    A$tfirm$1096
  0C:02EB    _usbGetStringDescriptor
  0C:02EE    A$tfirm$1098
  0C:02EF    A$tfirm$1099
  0C:02F0    A$tfirm$1101
  0C:02F1    A$tfirm$1102
  0C:02F3    A$tfirm$1103
  0C:02F6    A$tfirm$1105
  0C:02F8    A$tfirm$1106
  0C:02FA    A$tfirm$1107
  0C:02FC    A$tfirm$1108
  0C:02FE    A$tfirm$1109
  0C:0300    A$tfirm$1110
  0C:0302    A$tfirm$1111
  0C:0305    A$tfirm$1113
  0C:0306    A$tfirm$1123
  0C:0306    _usbNonStandardRequest
  0C:0309    A$tfirm$1125
  0C:030A    A$tfirm$1135
  0C:030A    _usbStallEndpoint0
  0C:030D    A$tfirm$1136
  0C:030E    A$tfirm$1137
  0C:030F    A$tfirm$1138
  0C:0312    A$tfirm$1139
  0C:0315    A$tfirm$1140
  0C:0316    A$tfirm$1141
  0C:0317    A$tfirm$1143
  0C:031A    A$tfirm$1144
  0C:031B    A$tfirm$1145
  0C:031C    A$tfirm$1146
  0C:031F    A$tfirm$1147
  0C:0322    A$tfirm$1148
  0C:0323    A$tfirm$1149
  0C:0324    A$tfirm$1151
  0C:0325    A$tfirm$1162
  0C:0325    _usbReset
  0C:0328    A$tfirm$1164
  0C:0329    A$tfirm$1165
  0C:032A    A$tfirm$1167
  0C:032D    A$tfirm$1168
  0C:0330    A$tfirm$1170
  0C:0333    A$tfirm$1171
  0C:0336    A$tfirm$1175
  0C:0337    A$tfirm$1176
  0C:0339    A$tfirm$1177
  0C:033B    A$tfirm$1178
  0C:033D    A$tfirm$1179
  0C:033F    A$tfirm$1181
  0C:0340    A$tfirm$1182
  0C:0342    A$tfirm$1183
  0C:0344    A$tfirm$1184
  0C:0346    A$tfirm$1186
  0C:0349    A$tfirm$1188
  0C:034C    A$tfirm$1190
  0C:034F    A$tfirm$1191
  0C:0351    A$tfirm$1192
  0C:0352    A$tfirm$1194
  0C:0355    A$tfirm$1195
  0C:0357    A$tfirm$1196
  0C:0358    A$tfirm$1198
  0C:035B    A$tfirm$1199
  0C:035D    A$tfirm$1200
  0C:035E    A$tfirm$1202
  0C:0361    A$tfirm$1203
  0C:0363    A$tfirm$1204
  0C:0364    A$tfirm$1206
  0C:0367    A$tfirm$1208
  0C:0368    A$tfirm$1209
  0C:0369    A$tfirm$1211
  0C:036C    A$tfirm$1212
  0C:036E    A$tfirm$1213
  0C:036F    A$tfirm$1215
  0C:0372    A$tfirm$1216
  0C:0374    A$tfirm$1217
  0C:0375    A$tfirm$1219
  0C:0378    A$tfirm$1220
  0C:037A    A$tfirm$1221
  0C:037B    A$tfirm$1223
  0C:037E    A$tfirm$1224
  0C:0380    A$tfirm$1225
  0C:0381    A$tfirm$1227
  0C:0384    A$tfirm$1228
  0C:0386    A$tfirm$1229
  0C:0387    A$tfirm$1231
  0C:038A    A$tfirm$1233
  0C:038B    A$tfirm$1234
  0C:038C    A$tfirm$1236
  0C:038F    A$tfirm$1237
  0C:0390    A$tfirm$1238
  0C:0391    A$tfirm$1239
  0C:0394    A$tfirm$1240
  0C:0397    A$tfirm$1241
  0C:0398    A$tfirm$1242
  0C:0399    A$tfirm$1244
  0C:039C    A$tfirm$1245
  0C:039E    A$tfirm$1246
  0C:039F    A$tfirm$1248
  0C:03A2    A$tfirm$1250
  0C:03A3    A$tfirm$1251
  0C:03A4    A$tfirm$1253
  0C:03A7    A$tfirm$1254
  0C:03A9    A$tfirm$1255
  0C:03AA    A$tfirm$1257
  0C:03AD    A$tfirm$1259
  0C:03AE    A$tfirm$1260
  0C:03AF    A$tfirm$1262
  0C:03B2    A$tfirm$1263
  0C:03B4    A$tfirm$1264
  0C:03B5    A$tfirm$1266
  0C:03B6    A$tfirm$1267
  0C:03B8    A$tfirm$1268
  0C:03BA    A$tfirm$1270
  0C:03BD    A$tfirm$1272
  0C:03C0    A$tfirm$1275
  0C:03C3    A$tfirm$1276
  0C:03C5    A$tfirm$1277
  0C:03C6    A$tfirm$1279
  0C:03C8    A$tfirm$1280
  0C:03CA    A$tfirm$1282
  0C:03CD    A$tfirm$1283
  0C:03CE    A$tfirm$1284
  0C:03CF    A$tfirm$1285
  0C:03D2    A$tfirm$1286
  0C:03D4    A$tfirm$1287
  0C:03D6    A$tfirm$1288
  0C:03D7    A$tfirm$1289
  0C:03D8    A$tfirm$1291
  0C:03DB    A$tfirm$1293
  0C:03DE    A$tfirm$1295
  0C:03E1    A$tfirm$1297
  0C:03E2    A$tfirm$1307
  0C:03E2    _SystemInitialization
  0C:03E4    A$tfirm$1310
  0C:03E7    A$tfirm$1312
  0C:03E8    A$tfirm$1313
  0C:03E9    A$tfirm$1316
  0C:03EC    A$tfirm$1317
  0C:03EE    A$tfirm$1318
  0C:03EF    A$tfirm$1320
  0C:03F1    A$tfirm$1322
  0C:03F3    A$tfirm$1324
  0C:03F6    A$tfirm$1327
  0C:03F9    A$tfirm$1328
  0C:03FB    A$tfirm$1329
  0C:03FC    A$tfirm$1331
  0C:03FD    A$tfirm$1341
  0C:03FD    _usbReceiveDataPacketOnEP0
  0C:0400    A$tfirm$1342
  0C:0403    A$tfirm$1343
  0C:0406    A$tfirm$1345
  0C:0409    A$tfirm$1346
  0C:040A    A$tfirm$1347
  0C:040B    A$tfirm$1348
  0C:040D    A$tfirm$1350
  0C:040F    A$tfirm$1351
  0C:0411    A$tfirm$1353
  0C:0414    A$tfirm$1354
  0C:0415    A$tfirm$1355
  0C:0416    A$tfirm$1356
  0C:0418    A$tfirm$1358
  0C:0419    A$tfirm$1359
  0C:041A    A$tfirm$1360
  0C:041C    A$tfirm$1361
  0C:041D    A$tfirm$1362
  0C:041E    A$tfirm$1363
  0C:0420    A$tfirm$1365
  0C:0423    A$tfirm$1367
  0C:0426    A$tfirm$1369
  0C:0427    A$tfirm$1370
  0C:0428    A$tfirm$1372
  0C:0429    A$tfirm$1382
  0C:0429    _usbReceiveNextPacketOnOEP0
  0C:042C    A$tfirm$1383
  0C:042D    A$tfirm$1384
  0C:042E    A$tfirm$1385
  0C:0431    A$tfirm$1387
  0C:0433    A$tfirm$1388
  0C:0435    A$tfirm$1389
  0C:0436    A$tfirm$1390
  0C:0438    A$tfirm$1391
  0C:0439    A$tfirm$1392
  0C:043B    A$tfirm$1393
  0C:043C    A$tfirm$1394
  0C:043E    A$tfirm$1395
  0C:0441    A$tfirm$1398
  0C:0443    A$tfirm$1400
  0C:0444    A$tfirm$1401
  0C:0445    A$tfirm$1402
  0C:0446    A$tfirm$1404
  0C:0448    A$tfirm$1407
  0C:044A    A$tfirm$1408
  0C:044C    A$tfirm$1409
  0C:044E    A$tfirm$1410
  0C:0450    A$tfirm$1411
  0C:0451    A$tfirm$1412
  0C:0454    A$tfirm$1413
  0C:0456    A$tfirm$1415
  0C:0457    A$tfirm$1416
  0C:0459    A$tfirm$1417
  0C:045B    A$tfirm$1419
  0C:045C    A$tfirm$1420
  0C:045E    A$tfirm$1421
  0C:0460    A$tfirm$1422
  0C:0461    A$tfirm$1424
  0C:0462    A$tfirm$1425
  0C:0464    A$tfirm$1426
  0C:0466    A$tfirm$1427
  0C:0468    A$tfirm$1428
  0C:046B    A$tfirm$1430
  0C:046C    A$tfirm$1432
  0C:046E    A$tfirm$1435
  0C:046F    A$tfirm$1436
  0C:0471    A$tfirm$1437
  0C:0472    A$tfirm$1438
  0C:0474    A$tfirm$1439
  0C:0476    A$tfirm$1440
  0C:0477    A$tfirm$1441
  0C:0479    A$tfirm$1443
  0C:047A    A$tfirm$1445
  0C:047B    A$tfirm$1446
  0C:047D    A$tfirm$1448
  0C:047E    A$tfirm$1449
  0C:0480    A$tfirm$1451
  0C:0482    A$tfirm$1454
  0C:0485    A$tfirm$1456
  0C:0486    A$tfirm$1457
  0C:0487    A$tfirm$1459
  0C:048A    A$tfirm$1461
  0C:048C    A$tfirm$1464
  0C:048F    A$tfirm$1465
  0C:0490    A$tfirm$1466
  0C:0491    A$tfirm$1467
  0C:0494    A$tfirm$1468
  0C:0497    A$tfirm$1469
  0C:0498    A$tfirm$1470
  0C:0499    A$tfirm$1472
  0C:049C    A$tfirm$1474
  0C:049E    A$tfirm$1477
  0C:04A1    A$tfirm$1478
  0C:04A2    A$tfirm$1479
  0C:04A3    A$tfirm$1480
  0C:04A6    A$tfirm$1481
  0C:04A9    A$tfirm$1482
  0C:04AA    A$tfirm$1483
  0C:04AB    A$tfirm$1485
  0C:04AE    A$tfirm$1487
  0C:04AF    A$tfirm$1497
  0C:04AF    _usbSendNextPacketOnIEP0
  0C:04B1    A$tfirm$1498
  0C:04B4    A$tfirm$1499
  0C:04B6    A$tfirm$1500
  0C:04B9    A$tfirm$1501
  0C:04BC    A$tfirm$1504
  0C:04BD    A$tfirm$1505
  0C:04BF    A$tfirm$1506
  0C:04C1    A$tfirm$1508
  0C:04C2    A$tfirm$1509
  0C:04C4    A$tfirm$1511
  0C:04C6    A$tfirm$1514
  0C:04C8    A$tfirm$1516
  0C:04CA    A$tfirm$1517
  0C:04CC    A$tfirm$1518
  0C:04CE    A$tfirm$1519
  0C:04D0    A$tfirm$1520
  0C:04D2    A$tfirm$1521
  0C:04D4    A$tfirm$1523
  0C:04D7    A$tfirm$1525
  0C:04D9    A$tfirm$1528
  0C:04DA    A$tfirm$1529
  0C:04DC    A$tfirm$1530
  0C:04DE    A$tfirm$1531
  0C:04E0    A$tfirm$1532
  0C:04E2    A$tfirm$1534
  0C:04E4    A$tfirm$1537
  0C:04E6    A$tfirm$1539
  0C:04E9    A$tfirm$1540
  0C:04EC    A$tfirm$1542
  0C:04EF    A$tfirm$1544
  0C:04F1    A$tfirm$1547
  0C:04F3    A$tfirm$1549
  0C:04F5    A$tfirm$1550
  0C:04F8    A$tfirm$1551
  0C:04FA    A$tfirm$1553
  0C:04FC    A$tfirm$1556
  0C:04FE    A$tfirm$1559
  0C:04FF    A$tfirm$1560
  0C:0501    A$tfirm$1561
  0C:0503    A$tfirm$1563
  0C:0506    A$tfirm$1565
  0C:0508    A$tfirm$1568
  0C:050B    A$tfirm$1569
  0C:050E    A$tfirm$1571
  0C:0511    A$tfirm$1574
  0C:0513    A$tfirm$1576
  0C:0514    A$tfirm$1577
  0C:0515    A$tfirm$1578
  0C:0516    A$tfirm$1580
  0C:0518    A$tfirm$1583
  0C:0519    A$tfirm$1584
  0C:051B    A$tfirm$1585
  0C:051C    A$tfirm$1587
  0C:051D    A$tfirm$1588
  0C:051F    A$tfirm$1589
  0C:0520    A$tfirm$1590
  0C:0523    A$tfirm$1591
  0C:0526    A$tfirm$1592
  0C:0529    A$tfirm$1593
  0C:052B    A$tfirm$1594
  0C:052C    A$tfirm$1595
  0C:052F    A$tfirm$1596
  0C:0531    A$tfirm$1598
  0C:0534    A$tfirm$1600
  0C:0535    A$tfirm$1601
  0C:0537    A$tfirm$1602
  0C:0539    A$tfirm$1603
  0C:053A    A$tfirm$1605
  0C:053B    A$tfirm$1607
  0C:053D    A$tfirm$1610
  0C:0540    A$tfirm$1611
  0C:0541    A$tfirm$1612
  0C:0542    A$tfirm$1614
  0C:0544    A$tfirm$1617
  0C:0547    A$tfirm$1619
  0C:0548    A$tfirm$1633
  0C:0548    _usbSendDataPacketOnEP0
  0C:054B    A$tfirm$1634
  0C:054E    A$tfirm$1635
  0C:0551    A$tfirm$1637
  0C:0554    A$tfirm$1638
  0C:0555    A$tfirm$1639
  0C:0556    A$tfirm$1640
  0C:0558    A$tfirm$1642
  0C:055A    A$tfirm$1643
  0C:055C    A$tfirm$1645
  0C:055F    A$tfirm$1646
  0C:0560    A$tfirm$1647
  0C:0561    A$tfirm$1648
  0C:0563    A$tfirm$1650
  0C:0564    A$tfirm$1651
  0C:0566    A$tfirm$1652
  0C:0567    A$tfirm$1653
  0C:0569    A$tfirm$1655
  0C:056A    A$tfirm$1656
  0C:056C    A$tfirm$1657
  0C:056D    A$tfirm$1658
  0C:056F    A$tfirm$1659
  0C:0570    A$tfirm$1662
  0C:0572    A$tfirm$1665
  0C:0574    A$tfirm$1666
  0C:0576    A$tfirm$1668
  0C:0577    A$tfirm$1669
  0C:0579    A$tfirm$1670
  0C:057B    A$tfirm$1672
  0C:057D    A$tfirm$1675
  0C:057E    A$tfirm$1676
  0C:0580    A$tfirm$1677
  0C:0583    A$tfirm$1680
  0C:0586    A$tfirm$1682
  0C:0587    A$tfirm$1700
  0C:0587    _usbDecodeAndProcessUsbRequest
  0C:0589    A$tfirm$1701
  0C:058B    A$tfirm$1702
  0C:058D    A$tfirm$1706
  0C:058F    A$tfirm$1708
  0C:0591    A$tfirm$1710
  0C:0593    A$tfirm$1712
  0C:0596    A$tfirm$1714
  0C:0597    A$tfirm$1715
  0C:0598    A$tfirm$1717
  0C:0599    A$tfirm$1719
  0C:059B    A$tfirm$1723
  0C:059C    A$tfirm$1724
  0C:059D    A$tfirm$1725
  0C:059F    A$tfirm$1726
  0C:05A1    A$tfirm$1727
  0C:05A3    A$tfirm$1728
  0C:05A5    A$tfirm$1729
  0C:05A6    A$tfirm$1730
  0C:05A7    A$tfirm$1731
  0C:05A8    A$tfirm$1732
  0C:05A9    A$tfirm$1733
  0C:05AB    A$tfirm$1735
  0C:05AC    A$tfirm$1736
  0C:05AD    A$tfirm$1737
  0C:05AF    A$tfirm$1738
  0C:05B1    A$tfirm$1739
  0C:05B4    A$tfirm$1740
  0C:05B6    A$tfirm$1741
  0C:05B8    A$tfirm$1742
  0C:05BA    A$tfirm$1743
  0C:05BD    A$tfirm$1744
  0C:05BF    A$tfirm$1745
  0C:05C1    A$tfirm$1747
  0C:05C2    A$tfirm$1750
  0C:05C4    A$tfirm$1752
  0C:05C6    A$tfirm$1755
  0C:05C7    A$tfirm$1756
  0C:05C8    A$tfirm$1757
  0C:05C9    A$tfirm$1760
  0C:05CA    A$tfirm$1761
  0C:05CB    A$tfirm$1762
  0C:05CC    A$tfirm$1763
  0C:05CE    A$tfirm$1764
  0C:05D0    A$tfirm$1766
  0C:05D1    A$tfirm$1768
  0C:05D3    A$tfirm$1771
  0C:05D4    A$tfirm$1772
  0C:05D5    A$tfirm$1773
  0C:05D7    A$tfirm$1775
  0C:05D8    A$tfirm$1776
  0C:05D9    A$tfirm$1777
  0C:05DB    A$tfirm$1778
  0C:05DD    A$tfirm$1779
  0C:05E0    A$tfirm$1781
  0C:05E1    A$tfirm$1782
  0C:05E3    A$tfirm$1783
  0C:05E4    A$tfirm$1784
  0C:05E7    A$tfirm$1786
  0C:05E9    A$tfirm$1789
  0C:05EB    A$tfirm$1790
  0C:05EC    A$tfirm$1791
  0C:05ED    A$tfirm$1793
  0C:05EE    A$tfirm$1794
  0C:05EF    A$tfirm$1795
  0C:05F0    A$tfirm$1796
  0C:05F3    A$tfirm$1800
  0C:05F6    A$tfirm$1801
  0C:05F7    A$tfirm$1803
  0C:05F8    A$tfirm$1804
  0C:05F9    A$tfirm$1805
  0C:05FB    A$tfirm$1806
  0C:05FC    A$tfirm$1807
  0C:05FD    A$tfirm$1809
  0C:0600    A$tfirm$1813
  0C:0602    A$tfirm$1816
  0C:0604    A$tfirm$1817
  0C:0605    A$tfirm$1818
  0C:0607    A$tfirm$1820
  0C:0608    A$tfirm$1821
  0C:0609    A$tfirm$1822
  0C:060B    A$tfirm$1823
  0C:060D    A$tfirm$1824
  0C:0610    A$tfirm$1825
  0C:0611    A$tfirm$1826
  0C:0612    A$tfirm$1827
  0C:0615    A$tfirm$1828
  0C:0616    A$tfirm$1829
  0C:0618    A$tfirm$1830
  0C:061A    A$tfirm$1831
  0C:061C    A$tfirm$1832
  0C:061E    A$tfirm$1833
  0C:0620    A$tfirm$1834
  0C:0622    A$tfirm$1835
  0C:0623    A$tfirm$1838
  0C:0624    A$tfirm$1848
  0C:0624    _OEP0InterruptHandler
  0C:0627    A$tfirm$1850
  0C:0628    A$tfirm$1851
  0C:0629    A$tfirm$1853
  0C:062B    A$tfirm$1856
  0C:062E    A$tfirm$1861
  0C:0631    A$tfirm$1863
  0C:0633    A$tfirm$1866
  0C:0636    A$tfirm$1867
  0C:0637    A$tfirm$1868
  0C:0638    A$tfirm$1869
  0C:063B    A$tfirm$1870
  0C:063E    A$tfirm$1871
  0C:063F    A$tfirm$1872
  0C:0640    A$tfirm$1874
  0C:0641    A$tfirm$1884
  0C:0641    _IEP0InterruptHandler
  0C:0644    A$tfirm$1886
  0C:0645    A$tfirm$1887
  0C:0646    A$tfirm$1889
  0C:0648    A$tfirm$1892
  0C:064B    A$tfirm$1897
  0C:064E    A$tfirm$1899
  0C:0650    A$tfirm$1902
  0C:0653    A$tfirm$1903
  0C:0654    A$tfirm$1904
  0C:0655    A$tfirm$1905
  0C:0658    A$tfirm$1906
  0C:065B    A$tfirm$1907
  0C:065C    A$tfirm$1908
  0C:065D    A$tfirm$1910
  0C:065E    A$tfirm$1925
  0C:065E    _OEP1InterruptHandler
  0C:0661    A$tfirm$1926
  0C:0663    A$tfirm$1927
  0C:0664    A$tfirm$1929
  0C:0666    A$tfirm$1931
  0C:0668    A$tfirm$1934
  0C:066A    A$tfirm$1937
  0C:066D    A$tfirm$1938
  0C:066E    A$tfirm$1939
  0C:0670    A$tfirm$1941
  0C:0673    A$tfirm$1942
  0C:0674    A$tfirm$1943
  0C:0675    A$tfirm$1944
  0C:0678    A$tfirm$1946
  0C:067A    A$tfirm$1948
  0C:067B    A$tfirm$1949
  0C:067C    A$tfirm$1950
  0C:067D    A$tfirm$1952
  0C:067F    A$tfirm$1955
  0C:0681    A$tfirm$1956
  0C:0683    A$tfirm$1957
  0C:0684    A$tfirm$1958
  0C:0685    A$tfirm$1959
  0C:0687    A$tfirm$1960
  0C:0689    A$tfirm$1962
  0C:068A    A$tfirm$1963
  0C:068C    A$tfirm$1964
  0C:068E    A$tfirm$1965
  0C:068F    A$tfirm$1967
  0C:0690    A$tfirm$1968
  0C:0691    A$tfirm$1970
  0C:0693    A$tfirm$1972
  0C:0694    A$tfirm$1974
  0C:0696    A$tfirm$1977
  0C:0699    A$tfirm$1979
  0C:069A    A$tfirm$1980
  0C:069B    A$tfirm$1982
  0C:069D    A$tfirm$1985
  0C:06A0    A$tfirm$1986
  0C:06A1    A$tfirm$1987
  0C:06A2    A$tfirm$1988
  0C:06A4    A$tfirm$1989
  0C:06A5    A$tfirm$1990
  0C:06A6    A$tfirm$1992
  0C:06A8    A$tfirm$1994
  0C:06A9    A$tfirm$1995
  0C:06AA    A$tfirm$1996
  0C:06AB    A$tfirm$1998
  0C:06AD    A$tfirm$2001
  0C:06AF    A$tfirm$2002
  0C:06B1    A$tfirm$2003
  0C:06B2    A$tfirm$2004
  0C:06B3    A$tfirm$2005
  0C:06B5    A$tfirm$2006
  0C:06B7    A$tfirm$2008
  0C:06B8    A$tfirm$2009
  0C:06BA    A$tfirm$2010
  0C:06BC    A$tfirm$2011
  0C:06BD    A$tfirm$2013
  0C:06BE    A$tfirm$2014
  0C:06BF    A$tfirm$2016
  0C:06C1    A$tfirm$2018
  0C:06C2    A$tfirm$2020
  0C:06C4    A$tfirm$2023
  0C:06C7    A$tfirm$2025
  0C:06C8    A$tfirm$2026
  0C:06C9    A$tfirm$2029
  0C:06CA    A$tfirm$2030
  0C:06CC    A$tfirm$2031
  0C:06CE    A$tfirm$2033
  0C:06D0    A$tfirm$2037
  0C:06D2    A$tfirm$2040
  0C:06D5    A$tfirm$2042
  0C:06D8    A$tfirm$2044
  0C:06DA    A$tfirm$2045
  0C:06DC    A$tfirm$2046
  0C:06DF    A$tfirm$2050
  0C:06E1    A$tfirm$2052
  0C:06E2    A$tfirm$2053
  0C:06E4    A$tfirm$2054
  0C:06E5    A$tfirm$2057
  0C:06E7    A$tfirm$2059
  0C:06E8    A$tfirm$2060
  0C:06E9    A$tfirm$2061
  0C:06EB    A$tfirm$2062
  0C:06EC    A$tfirm$2063
  0C:06EF    A$tfirm$2064
  0C:06F0    A$tfirm$2066
  0C:06F3    A$tfirm$2067
  0C:06F6    A$tfirm$2068
  0C:06F9    A$tfirm$2069
  0C:06FC    A$tfirm$2070
  0C:06FF    A$tfirm$2071
  0C:0702    A$tfirm$2072
  0C:0705    A$tfirm$2073
  0C:0708    A$tfirm$2076
  0C:070B    A$tfirm$2080
  0C:070D    A$tfirm$2082
  0C:0710    A$tfirm$2086
  0C:0712    A$tfirm$2088
  0C:0715    A$tfirm$2092
  0C:0717    A$tfirm$2094
  0C:071A    A$tfirm$2098
  0C:071C    A$tfirm$2100
  0C:071F    A$tfirm$2104
  0C:0721    A$tfirm$2106
  0C:0724    A$tfirm$2110
  0C:0726    A$tfirm$2112
  0C:0729    A$tfirm$2116
  0C:072B    A$tfirm$2118
  0C:072E    A$tfirm$2123
  0C:072F    A$tfirm$2134
  0C:072F    _IEP1InterruptHandler
  0C:0730    A$tfirm$2144
  0C:0730    _SetupPacketInterruptHandler
  0C:0733    A$tfirm$2145
  0C:0735    A$tfirm$2146
  0C:0736    A$tfirm$2148
  0C:0739    A$tfirm$2149
  0C:073B    A$tfirm$2150
  0C:073C    A$tfirm$2153
  0C:073F    A$tfirm$2154
  0C:0741    A$tfirm$2155
  0C:0742    A$tfirm$2157
  0C:0745    A$tfirm$2158
  0C:0746    A$tfirm$2159
  0C:0747    A$tfirm$2160
  0C:074A    A$tfirm$2163
  0C:074D    A$tfirm$2168
  0C:074F    A$tfirm$2169
  0C:0751    A$tfirm$2171
  0C:0754    A$tfirm$2172
  0C:0755    A$tfirm$2173
  0C:0756    A$tfirm$2174
  0C:0759    A$tfirm$2175
  0C:075B    A$tfirm$2176
  0C:075D    A$tfirm$2177
  0C:075E    A$tfirm$2178
  0C:075F    A$tfirm$2180
  0C:0761    A$tfirm$2183
  0C:0763    A$tfirm$2184
  0C:0765    A$tfirm$2186
  0C:0768    A$tfirm$2187
  0C:0769    A$tfirm$2188
  0C:076A    A$tfirm$2189
  0C:076D    A$tfirm$2190
  0C:076F    A$tfirm$2191
  0C:0771    A$tfirm$2192
  0C:0772    A$tfirm$2193
  0C:0773    A$tfirm$2196
  0C:0776    A$tfirm$2198
  0C:0779    A$tfirm$2200
  0C:077A    A$tfirm$2209
  0C:077A    _usbISR
  0C:077C    A$tfirm$2210
  0C:077E    A$tfirm$2211
  0C:0780    A$tfirm$2212
  0C:0782    A$tfirm$2213
  0C:0784    A$tfirm$2214
  0C:0786    A$tfirm$2215
  0C:0788    A$tfirm$2216
  0C:078A    A$tfirm$2217
  0C:078C    A$tfirm$2218
  0C:078E    A$tfirm$2219
  0C:0790    A$tfirm$2220
  0C:0792    A$tfirm$2221
  0C:0794    A$tfirm$2222
  0C:0797    A$tfirm$2224
  0C:0799    A$tfirm$2227
  0C:079C    A$tfirm$2228
  0C:079D    A$tfirm$2229
  0C:079E    A$tfirm$2230
  0C:07A0    A$tfirm$2231
  0C:07A3    A$tfirm$2233
  0C:07A5    A$tfirm$2235
  0C:07A7    A$tfirm$2236
  0C:07AA    A$tfirm$2238
  0C:07AC    A$tfirm$2240
  0C:07AE    A$tfirm$2241
  0C:07B1    A$tfirm$2243
  0C:07B3    A$tfirm$2245
  0C:07B5    A$tfirm$2246
  0C:07B8    A$tfirm$2247
  0C:07BB    A$tfirm$2249
  0C:07BD    A$tfirm$2250
  0C:07C0    A$tfirm$2251
  0C:07C3    A$tfirm$2253
  0C:07C5    A$tfirm$2254
  0C:07C8    A$tfirm$2255
  0C:07CB    A$tfirm$2257
  0C:07CD    A$tfirm$2258
  0C:07D0    A$tfirm$2259
  0C:07D3    A$tfirm$2261
  0C:07D5    A$tfirm$2262
  0C:07D8    A$tfirm$2264
  0C:07DA    A$tfirm$2266
  0C:07DD    A$tfirm$2267
  0C:07DF    A$tfirm$2269
  0C:07E2    A$tfirm$2273
  0C:07E5    A$tfirm$2275
  0C:07E6    A$tfirm$2276
  0C:07E7    A$tfirm$2278
  0C:07EA    A$tfirm$2280
  0C:07ED    A$tfirm$2284
  0C:07F0    A$tfirm$2286
  0C:07F1    A$tfirm$2287
  0C:07F2    A$tfirm$2289
  0C:07F5    A$tfirm$2291
  0C:07F8    A$tfirm$2295
  0C:07FB    A$tfirm$2297
  0C:07FC    A$tfirm$2298
  0C:07FD    A$tfirm$2300
  0C:0800    A$tfirm$2302
  0C:0803    A$tfirm$2306
  0C:0806    A$tfirm$2308
  0C:0807    A$tfirm$2309
  0C:0808    A$tfirm$2311
  0C:080B    A$tfirm$2315
  0C:080E    A$tfirm$2317
  0C:080F    A$tfirm$2318
  0C:0810    A$tfirm$2321
  0C:0813    A$tfirm$2322
  0C:0815    A$tfirm$2323
  0C:0816    A$tfirm$2325
  0C:0819    A$tfirm$2327
  0C:081C    A$tfirm$2331
  0C:081F    A$tfirm$2333
  0C:0820    A$tfirm$2334
  0C:0821    A$tfirm$2337
  0C:0824    A$tfirm$2338
  0C:0826    A$tfirm$2339
  0C:0827    A$tfirm$2341
  0C:082A    A$tfirm$2345
  0C:082C    A$tfirm$2347
  0C:082F    A$tfirm$2348
  0C:0832    A$tfirm$2350
  0C:0833    A$tfirm$2351
  0C:0834    A$tfirm$2354
  0C:0837    A$tfirm$2355
  0C:0839    A$tfirm$2356
  0C:083A    A$tfirm$2358
  0C:083D    A$tfirm$2362
  0C:083F    A$tfirm$2364
  0C:0842    A$tfirm$2365
  0C:0845    A$tfirm$2367
  0C:0846    A$tfirm$2368
  0C:0847    A$tfirm$2371
  0C:084A    A$tfirm$2372
  0C:084C    A$tfirm$2373
  0C:084D    A$tfirm$2375
  0C:0850    A$tfirm$2379
  0C:0852    A$tfirm$2381
  0C:0855    A$tfirm$2382
  0C:0858    A$tfirm$2384
  0C:0859    A$tfirm$2385
  0C:085A    A$tfirm$2388
  0C:085D    A$tfirm$2389
  0C:085F    A$tfirm$2390
  0C:0860    A$tfirm$2392
  0C:0863    A$tfirm$2396
  0C:0865    A$tfirm$2398
  0C:0868    A$tfirm$2399
  0C:086B    A$tfirm$2401
  0C:086C    A$tfirm$2402
  0C:086D    A$tfirm$2406
  0C:086F    A$tfirm$2408
  0C:0871    A$tfirm$2409
  0C:0873    A$tfirm$2410
  0C:0875    A$tfirm$2411
  0C:0877    A$tfirm$2412
  0C:0879    A$tfirm$2413
  0C:087B    A$tfirm$2414
  0C:087D    A$tfirm$2415
  0C:087F    A$tfirm$2416
  0C:0881    A$tfirm$2417
  0C:0883    A$tfirm$2418
  0C:0885    A$tfirm$2419
  0C:0887    A$tfirm$2420
  0C:0889    A$tfirm$2421
  0C:088A    A$tfirm$2432
  0C:088A    _main
  0C:088D    A$tfirm$2434
  0C:088E    A$tfirm$2435
  0C:088F    A$tfirm$2438
  0C:0892    A$tfirm$2440
  0C:0893    A$tfirm$2441
  0C:0894    A$tfirm$2444
  0C:0897    A$tfirm$2445
  0C:0899    A$tfirm$2446
  0C:089A    A$tfirm$2449
  0C:089D    A$tfirm$2450
  0C:089F    A$tfirm$2451
  0C:08A0    A$tfirm$2453
  0C:08A3    A$tfirm$2455
  0C:08A6    A$tfirm$2457
  0C:08A9    A$tfirm$2459
  0C:08AC    A$tfirm$2461
  0C:08AE    A$tfirm$2463
  0C:08B1    A$tfirm$2465
  0C:08B2    _abromConfigurationDescriptorGroup
  0C:08D2    _abromDeviceDescriptor
  0C:08E4    _tUsbRequestList
  0C:09E1    A$usbiofun$199
  0C:09E1    _fn_cmd_01
  0C:09E4    A$usbiofun$201
  0C:09E7    A$usbiofun$203
  0C:09EA    A$usbiofun$204
  0C:09EC    A$usbiofun$205
  0C:09ED    A$usbiofun$208
  0C:09F0    A$usbiofun$209
  0C:09F2    A$usbiofun$210
  0C:09F3    A$usbiofun$212
  0C:09F4    A$usbiofun$222
  0C:09F4    _fn_cmd_02
  0C:09F7    A$usbiofun$224
  0C:09FA    A$usbiofun$226
  0C:09FD    A$usbiofun$227
  0C:09FF    A$usbiofun$228
  0C:0A00    A$usbiofun$231
  0C:0A03    A$usbiofun$232
  0C:0A05    A$usbiofun$233
  0C:0A06    A$usbiofun$235
  0C:0A07    A$usbiofun$245
  0C:0A07    _fn_cmd_03
  0C:0A0A    A$usbiofun$247
  0C:0A0D    A$usbiofun$249
  0C:0A10    A$usbiofun$250
  0C:0A12    A$usbiofun$251
  0C:0A13    A$usbiofun$254
  0C:0A16    A$usbiofun$255
  0C:0A18    A$usbiofun$256
  0C:0A19    A$usbiofun$258
  0C:0A1A    A$usbiofun$268
  0C:0A1A    _fn_cmd_04
  0C:0A1D    A$usbiofun$270
  0C:0A20    A$usbiofun$272
  0C:0A23    A$usbiofun$273
  0C:0A25    A$usbiofun$274
  0C:0A26    A$usbiofun$277
  0C:0A29    A$usbiofun$278
  0C:0A2B    A$usbiofun$279
  0C:0A2C    A$usbiofun$281
  0C:0A2D    A$usbiofun$291
  0C:0A2D    _fn_cmd_05
  0C:0A30    A$usbiofun$293
  0C:0A33    A$usbiofun$295
  0C:0A36    A$usbiofun$296
  0C:0A38    A$usbiofun$297
  0C:0A39    A$usbiofun$300
  0C:0A3C    A$usbiofun$301
  0C:0A3E    A$usbiofun$302
  0C:0A3F    A$usbiofun$304
  0C:0A40    A$usbiofun$314
  0C:0A40    _fn_cmd_06
  0C:0A43    A$usbiofun$316
  0C:0A46    A$usbiofun$318
  0C:0A49    A$usbiofun$319
  0C:0A4B    A$usbiofun$320
  0C:0A4C    A$usbiofun$323
  0C:0A4F    A$usbiofun$324
  0C:0A51    A$usbiofun$325
  0C:0A52    A$usbiofun$327
  0C:0A53    A$usbiofun$337
  0C:0A53    _fn_cmd_07
  0C:0A54    A$usbiofun$347
  0C:0A54    _fn_cmd_08
  0C:0A55    A$_startup$70
  0C:0A55    __sdcc_external_startup
  0C:0A58    A$_startup$72
  0C:0A59    A$_gptrput$70
  0C:0A59    __gptrput
  0C:0A5A    A$_gptrput$71
  0C:0A5C    A$_gptrput$72
  0C:0A5D    A$_gptrput$73
  0C:0A5F    A$_gptrput$77
  0C:0A61    A$_gptrput$78
  0C:0A63    A$_gptrput$79
  0C:0A64    A$_gptrput$80
  0C:0A66    A$_gptrput$81
  0C:0A67    A$_gptrput$82
  0C:0A69    A$_gptrput$83
  0C:0A6A    A$_gptrput$84
  0C:0A6C    A$_gptrput$85
  0C:0A6E    A$_gptrput$86
  0C:0A70    A$_gptrput$91
  0C:0A72    A$_gptrput$92
  0C:0A74    A$_gptrput$93
  0C:0A75    A$_gptrput$94
  0C:0A77    A$_gptrput$96
  0C:0A79    A$_gptrput$97
  0C:0A7A    A$_gptrput$98
  0C:0A7C    A$_gptrput$100
  0C:0A7E    A$_gptrput$101
  0C:0A80    A$_gptrput$103
  0C:0A82    A$_gptrput$104
  0C:0A84    A$_gptrput$105
  0C:0A85    A$_gptrput$107
  0C:0A86    A$_gptrput$108
  0C:0A88    A$_gptrput$109
  0C:0A89    A$_gptrput$111
  0C:0A8A    A$_gptrget$71
  0C:0A8A    __gptrget
  0C:0A8B    A$_gptrget$72
  0C:0A8D    A$_gptrget$76
  0C:0A8F    A$_gptrget$77
  0C:0A91    A$_gptrget$78
  0C:0A92    A$_gptrget$79
  0C:0A94    A$_gptrget$80
  0C:0A95    A$_gptrget$81
  0C:0A97    A$_gptrget$82
  0C:0A98    A$_gptrget$83
  0C:0A9A    A$_gptrget$87
  0C:0A9C    A$_gptrget$88
  0C:0A9E    A$_gptrget$93
  0C:0AA0    A$_gptrget$94
  0C:0AA1    A$_gptrget$95
  0C:0AA3    A$_gptrget$100
  0C:0AA4    A$_gptrget$101
  0C:0AA6    A$_gptrget$106
  0C:0AA7    A$_gptrget$107
  0C:0AA8    A$_gptrget$108
  0C:0AAA    A$_gptrget$113
  0C:0AAC    A$_gptrget$114
  0C:0AAD    A$_gptrget$119
  0C:0AAE    A$_gptrget$120
  0C:0AB0    A$_gptrget$121
  0C:0AB1    A$_gptrget$123

Hexadecimal

Area                               Addr   Size   Decimal Bytes (Attributes)
--------------------------------   ----   ----   ------- ----- ------------
GSINIT                             0AB2   0024 =     36. bytes (REL,CON,CODE)

      Value  Global
   --------  --------------------------------
  0C:0AB2    A$tfirm$340
  0C:0AB5    A$tfirm$341
  0C:0AB8    A$tfirm$342
  0C:0ABA    A$tfirm$343
  0C:0ABC    A$tfirm$344
  0C:0ABF    A$tfirm$347
  0C:0AC2    A$tfirm$349
  0C:0AC3    A$tfirm$350
  0C:0AC5    A$tfirm$351
  0C:0AC7    A$tfirm$353
  0C:0ACA    A$tfirm$355
  0C:0ACD    A$tfirm$357
  0C:0AD0    A$tfirm$359
  0C:0AD3    A$tfirm$361

Hexadecimal

Area                               Addr   Size   Decimal Bytes (Attributes)
--------------------------------   ----   ----   ------- ----- ------------
GSFINAL                            0AD6   0003 =      3. bytes (REL,CON,CODE)

      Value  Global
   --------  --------------------------------
  0C:0AD6    A$tfirm$363

Hexadecimal

Area                               Addr   Size   Decimal Bytes (Attributes)
--------------------------------   ----   ----   ------- ----- ------------
HOME                               0AD9   0000 =      0. bytes (REL,CON,CODE)
ASxxxx Linker V01.70 + NoICE + SDCC Feb 1999,  page 1.

Files Linked	  [ module(s) ]

tfirm.rel       	[    tfirm ]
usbiofun.rel    	[ usbiofun ]

Libraries Linked		       [   object  file   ]

/usr/local/share/sdcc/lib/small/libsdcc.lib    [         _startup ]
/usr/local/share/sdcc/lib/small/libsdcc.lib    [         _gptrput ]
/usr/local/share/sdcc/lib/small/libsdcc.lib    [         _gptrget ]

ASxxxx Linker V01.70 + NoICE + SDCC Feb 1999,  page 2.

User Base Address Definitions

CSEG = 0x0000
DSEG = 0x0030
XSEG = 0x0000
ISEG = 0x0080
BSEG = 0x0000

