                              1 ;--------------------------------------------------------
                              2 ; File Created by SDCC : FreeWare ANSI-C Compiler
                              3 ; Version 2.3.0 Thu May  9 16:35:10 2019
                              4 
                              5 ;--------------------------------------------------------
                              6 	.module usbiofun
                              7 	
                              8 ;--------------------------------------------------------
                              9 ; Public variables in this module
                             10 ;--------------------------------------------------------
                             11 	.globl _fn_cmd_08
                             12 	.globl _fn_cmd_07
                             13 	.globl _fn_cmd_06
                             14 	.globl _fn_cmd_05
                             15 	.globl _fn_cmd_04
                             16 	.globl _fn_cmd_03
                             17 	.globl _fn_cmd_02
                             18 	.globl _fn_cmd_01
                             19 	.globl _oep1_buffer
                             20 	.globl _iep1_buffer
                             21 ;--------------------------------------------------------
                             22 ; special function registers
                             23 ;--------------------------------------------------------
                    0080     24 _P0	=	0x0080
                    0081     25 _SP	=	0x0081
                    0082     26 _DPL	=	0x0082
                    0083     27 _DPH	=	0x0083
                    0087     28 _PCON	=	0x0087
                    0088     29 _TCON	=	0x0088
                    0089     30 _TMOD	=	0x0089
                    008A     31 _TL0	=	0x008a
                    008B     32 _TL1	=	0x008b
                    008C     33 _TH0	=	0x008c
                    008D     34 _TH1	=	0x008d
                    0090     35 _P1	=	0x0090
                    0098     36 _SCON	=	0x0098
                    0099     37 _SBUF	=	0x0099
                    00A0     38 _P2	=	0x00a0
                    00A8     39 _IE	=	0x00a8
                    00B0     40 _P3	=	0x00b0
                    00B8     41 _IP	=	0x00b8
                    00D0     42 _PSW	=	0x00d0
                    00E0     43 _ACC	=	0x00e0
                    00F0     44 _B	=	0x00f0
                    00C8     45 _T2CON	=	0x00c8
                    00CA     46 _RCAP2L	=	0x00ca
                    00CB     47 _RCAP2H	=	0x00cb
                    00CC     48 _TL2	=	0x00cc
                    00CD     49 _TH2	=	0x00cd
                             50 ;--------------------------------------------------------
                             51 ; special function bits 
                             52 ;--------------------------------------------------------
                    0080     53 _P0_0	=	0x0080
                    0081     54 _P0_1	=	0x0081
                    0082     55 _P0_2	=	0x0082
                    0083     56 _P0_3	=	0x0083
                    0084     57 _P0_4	=	0x0084
                    0085     58 _P0_5	=	0x0085
                    0086     59 _P0_6	=	0x0086
                    0087     60 _P0_7	=	0x0087
                    0088     61 _IT0	=	0x0088
                    0089     62 _IE0	=	0x0089
                    008A     63 _IT1	=	0x008a
                    008B     64 _IE1	=	0x008b
                    008C     65 _TR0	=	0x008c
                    008D     66 _TF0	=	0x008d
                    008E     67 _TR1	=	0x008e
                    008F     68 _TF1	=	0x008f
                    0090     69 _P1_0	=	0x0090
                    0091     70 _P1_1	=	0x0091
                    0092     71 _P1_2	=	0x0092
                    0093     72 _P1_3	=	0x0093
                    0094     73 _P1_4	=	0x0094
                    0095     74 _P1_5	=	0x0095
                    0096     75 _P1_6	=	0x0096
                    0097     76 _P1_7	=	0x0097
                    0098     77 _RI	=	0x0098
                    0099     78 _TI	=	0x0099
                    009A     79 _RB8	=	0x009a
                    009B     80 _TB8	=	0x009b
                    009C     81 _REN	=	0x009c
                    009D     82 _SM2	=	0x009d
                    009E     83 _SM1	=	0x009e
                    009F     84 _SM0	=	0x009f
                    00A0     85 _P2_0	=	0x00a0
                    00A1     86 _P2_1	=	0x00a1
                    00A2     87 _P2_2	=	0x00a2
                    00A3     88 _P2_3	=	0x00a3
                    00A4     89 _P2_4	=	0x00a4
                    00A5     90 _P2_5	=	0x00a5
                    00A6     91 _P2_6	=	0x00a6
                    00A7     92 _P2_7	=	0x00a7
                    00A8     93 _EX0	=	0x00a8
                    00A9     94 _ET0	=	0x00a9
                    00AA     95 _EX1	=	0x00aa
                    00AB     96 _ET1	=	0x00ab
                    00AC     97 _ES	=	0x00ac
                    00AF     98 _EA	=	0x00af
                    00B0     99 _P3_0	=	0x00b0
                    00B1    100 _P3_1	=	0x00b1
                    00B2    101 _P3_2	=	0x00b2
                    00B3    102 _P3_3	=	0x00b3
                    00B4    103 _P3_4	=	0x00b4
                    00B5    104 _P3_5	=	0x00b5
                    00B6    105 _P3_6	=	0x00b6
                    00B7    106 _P3_7	=	0x00b7
                    00B0    107 _RXD	=	0x00b0
                    00B1    108 _TXD	=	0x00b1
                    00B2    109 _INT0	=	0x00b2
                    00B3    110 _INT1	=	0x00b3
                    00B4    111 _T0	=	0x00b4
                    00B5    112 _T1	=	0x00b5
                    00B6    113 _WR	=	0x00b6
                    00B7    114 _RD	=	0x00b7
                    00B8    115 _PX0	=	0x00b8
                    00B9    116 _PT0	=	0x00b9
                    00BA    117 _PX1	=	0x00ba
                    00BB    118 _PT1	=	0x00bb
                    00BC    119 _PS	=	0x00bc
                    00D0    120 _P	=	0x00d0
                    00D1    121 _F1	=	0x00d1
                    00D2    122 _OV	=	0x00d2
                    00D3    123 _RS0	=	0x00d3
                    00D4    124 _RS1	=	0x00d4
                    00D5    125 _F0	=	0x00d5
                    00D6    126 _AC	=	0x00d6
                    00D7    127 _CY	=	0x00d7
                    00AD    128 _ET2	=	0x00ad
                    00C8    129 _T2CON_0	=	0x00c8
                    00C9    130 _T2CON_1	=	0x00c9
                    00CA    131 _T2CON_2	=	0x00ca
                    00CB    132 _T2CON_3	=	0x00cb
                    00CC    133 _T2CON_4	=	0x00cc
                    00CD    134 _T2CON_5	=	0x00cd
                    00CE    135 _T2CON_6	=	0x00ce
                    00CF    136 _T2CON_7	=	0x00cf
                    00C8    137 _CP_RL2	=	0x00c8
                    00C9    138 _C_T2	=	0x00c9
                    00CA    139 _TR2	=	0x00ca
                    00CB    140 _EXEN2	=	0x00cb
                    00CC    141 _TCLK	=	0x00cc
                    00CD    142 _RCLK	=	0x00cd
                    00CE    143 _EXF2	=	0x00ce
                    00CF    144 _TF2	=	0x00cf
                            145 ;--------------------------------------------------------
                            146 ; internal ram data
                            147 ;--------------------------------------------------------
                            148 	.area DSEG    (DATA)
                            149 ;--------------------------------------------------------
                            150 ; overlayable items in internal ram 
                            151 ;--------------------------------------------------------
                            152 	.area OSEG    (OVR,DATA)
                            153 ;--------------------------------------------------------
                            154 ; indirectly addressable internal ram data
                            155 ;--------------------------------------------------------
                            156 	.area ISEG    (DATA)
                            157 ;--------------------------------------------------------
                            158 ; bit data
                            159 ;--------------------------------------------------------
                            160 	.area BSEG    (BIT)
                            161 ;--------------------------------------------------------
                            162 ; external ram data
                            163 ;--------------------------------------------------------
                            164 	.area XSEG    (XDATA)
                    FE00    165 _iep1_buffer	=	0xfe00
                    FD80    166 _oep1_buffer	=	0xfd80
                            167 ;--------------------------------------------------------
                            168 ; global & static initialisations
                            169 ;--------------------------------------------------------
                            170 	.area GSINIT  (CODE)
                            171 	.area GSFINAL (CODE)
                            172 	.area GSINIT  (CODE)
                            173 ;--------------------------------------------------------
                            174 ; Home
                            175 ;--------------------------------------------------------
                            176 	.area HOME	 (CODE)
                            177 	.area CSEG    (CODE)
                            178 ;--------------------------------------------------------
                            179 ; code
                            180 ;--------------------------------------------------------
                            181 	.area CSEG    (CODE)
                            182 ;------------------------------------------------------------
                            183 ;Allocation info for local variables in function 'fn_cmd_01'
                            184 ;------------------------------------------------------------
                            185 ;	usbiofun.c 9
                            186 ;	-----------------------------------------
                            187 ;	 function fn_cmd_01
                            188 ;	-----------------------------------------
   0000                     189 _fn_cmd_01:
                    0002    190 	ar2 = 0x02
                    0003    191 	ar3 = 0x03
                    0004    192 	ar4 = 0x04
                    0005    193 	ar5 = 0x05
                    0006    194 	ar6 = 0x06
                    0007    195 	ar7 = 0x07
                    0000    196 	ar0 = 0x00
                    0001    197 	ar1 = 0x01
                            198 ;	usbiofun.c 10
   0000 75 80 00            199 	mov	_P0,#0x00
                            200 ;	usbiofun.c 11
   0003 75 90 00            201 	mov	_P1,#0x00
                            202 ;	usbiofun.c 15
   0006 90 FE 00            203 	mov	dptr,#_iep1_buffer
   0009 74 1B               204 	mov	a,#0x1B
   000B F0                  205 	movx	@dptr,a
                            206 ;	usbiofun.c 16
                            207 ; Peephole 182   used 16 bit load of dptr
   000C 90 FF 4A            208 	mov  dptr,#(((0xFF)<<8) + 0x4A)
   000F 74 01               209 	mov	a,#0x01
   0011 F0                  210 	movx	@dptr,a
   0012                     211 00101$:
   0012 22                  212 	ret
                            213 ;------------------------------------------------------------
                            214 ;Allocation info for local variables in function 'fn_cmd_02'
                            215 ;------------------------------------------------------------
                            216 ;	usbiofun.c 20
                            217 ;	-----------------------------------------
                            218 ;	 function fn_cmd_02
                            219 ;	-----------------------------------------
   0013                     220 _fn_cmd_02:
                            221 ;	usbiofun.c 21
   0013 75 80 FF            222 	mov	_P0,#0xFF
                            223 ;	usbiofun.c 22
   0016 75 90 FF            224 	mov	_P1,#0xFF
                            225 ;	usbiofun.c 26
   0019 90 FE 00            226 	mov	dptr,#_iep1_buffer
   001C 74 1B               227 	mov	a,#0x1B
   001E F0                  228 	movx	@dptr,a
                            229 ;	usbiofun.c 27
                            230 ; Peephole 182   used 16 bit load of dptr
   001F 90 FF 4A            231 	mov  dptr,#(((0xFF)<<8) + 0x4A)
   0022 74 01               232 	mov	a,#0x01
   0024 F0                  233 	movx	@dptr,a
   0025                     234 00101$:
   0025 22                  235 	ret
                            236 ;------------------------------------------------------------
                            237 ;Allocation info for local variables in function 'fn_cmd_03'
                            238 ;------------------------------------------------------------
                            239 ;	usbiofun.c 30
                            240 ;	-----------------------------------------
                            241 ;	 function fn_cmd_03
                            242 ;	-----------------------------------------
   0026                     243 _fn_cmd_03:
                            244 ;	usbiofun.c 32
   0026                     245 00101$:
   0026 22                  246 	ret
                            247 ;------------------------------------------------------------
                            248 ;Allocation info for local variables in function 'fn_cmd_04'
                            249 ;------------------------------------------------------------
                            250 ;	usbiofun.c 34
                            251 ;	-----------------------------------------
                            252 ;	 function fn_cmd_04
                            253 ;	-----------------------------------------
   0027                     254 _fn_cmd_04:
                            255 ;	usbiofun.c 35
   0027 75 80 FE            256 	mov	_P0,#0xFE
                            257 ;	usbiofun.c 36
   002A 75 90 AF            258 	mov	_P1,#0xAF
                            259 ;	usbiofun.c 40
   002D 90 FE 00            260 	mov	dptr,#_iep1_buffer
   0030 74 1B               261 	mov	a,#0x1B
   0032 F0                  262 	movx	@dptr,a
                            263 ;	usbiofun.c 41
                            264 ; Peephole 182   used 16 bit load of dptr
   0033 90 FF 4A            265 	mov  dptr,#(((0xFF)<<8) + 0x4A)
   0036 74 01               266 	mov	a,#0x01
   0038 F0                  267 	movx	@dptr,a
   0039                     268 00101$:
   0039 22                  269 	ret
                            270 ;------------------------------------------------------------
                            271 ;Allocation info for local variables in function 'fn_cmd_05'
                            272 ;------------------------------------------------------------
                            273 ;	usbiofun.c 44
                            274 ;	-----------------------------------------
                            275 ;	 function fn_cmd_05
                            276 ;	-----------------------------------------
   003A                     277 _fn_cmd_05:
                            278 ;	usbiofun.c 45
   003A 75 80 FF            279 	mov	_P0,#0xFF
                            280 ;	usbiofun.c 46
   003D 75 90 D7            281 	mov	_P1,#0xD7
                            282 ;	usbiofun.c 50
   0040 90 FE 00            283 	mov	dptr,#_iep1_buffer
   0043 74 1B               284 	mov	a,#0x1B
   0045 F0                  285 	movx	@dptr,a
                            286 ;	usbiofun.c 51
                            287 ; Peephole 182   used 16 bit load of dptr
   0046 90 FF 4A            288 	mov  dptr,#(((0xFF)<<8) + 0x4A)
   0049 74 01               289 	mov	a,#0x01
   004B F0                  290 	movx	@dptr,a
   004C                     291 00101$:
   004C 22                  292 	ret
                            293 ;------------------------------------------------------------
                            294 ;Allocation info for local variables in function 'fn_cmd_06'
                            295 ;------------------------------------------------------------
                            296 ;	usbiofun.c 54
                            297 ;	-----------------------------------------
                            298 ;	 function fn_cmd_06
                            299 ;	-----------------------------------------
   004D                     300 _fn_cmd_06:
                            301 ;	usbiofun.c 55
   004D 75 80 FE            302 	mov	_P0,#0xFE
                            303 ;	usbiofun.c 56
   0050 75 90 3B            304 	mov	_P1,#0x3B
                            305 ;	usbiofun.c 60
   0053 90 FE 00            306 	mov	dptr,#_iep1_buffer
   0056 74 1B               307 	mov	a,#0x1B
   0058 F0                  308 	movx	@dptr,a
                            309 ;	usbiofun.c 61
                            310 ; Peephole 182   used 16 bit load of dptr
   0059 90 FF 4A            311 	mov  dptr,#(((0xFF)<<8) + 0x4A)
   005C 74 01               312 	mov	a,#0x01
   005E F0                  313 	movx	@dptr,a
   005F                     314 00101$:
   005F 22                  315 	ret
                            316 ;------------------------------------------------------------
                            317 ;Allocation info for local variables in function 'fn_cmd_07'
                            318 ;------------------------------------------------------------
                            319 ;	usbiofun.c 64
                            320 ;	-----------------------------------------
                            321 ;	 function fn_cmd_07
                            322 ;	-----------------------------------------
   0060                     323 _fn_cmd_07:
   0060                     324 00101$:
   0060 22                  325 	ret
                            326 ;------------------------------------------------------------
                            327 ;Allocation info for local variables in function 'fn_cmd_08'
                            328 ;------------------------------------------------------------
                            329 ;	usbiofun.c 66
                            330 ;	-----------------------------------------
                            331 ;	 function fn_cmd_08
                            332 ;	-----------------------------------------
   0061                     333 _fn_cmd_08:
   0061                     334 00101$:
   0061 22                  335 	ret
                            336 	.area CSEG    (CODE)
